Bienvenido al programa principal de MercadoFinger. Por favor ingrese su comando:
1> Historial creado con exito.
2> Promocion creada con exito.
3> La promocion fue agregada al historial con exito.
4> Promocion creada con exito.
5> La promocion fue agregada al historial con exito.
6> Promocion creada con exito.
7> La promocion fue agregada al historial con exito.
8> Fecha creada en forma exitosa.
9> Producto creado en forma exitosa.
10> El producto fue agregado a la promocion de id 1.
11> Fecha creada en forma exitosa.
12> Producto creado en forma exitosa.
13> El producto fue agregado a la promocion de id 1.
14> Fecha creada en forma exitosa.
15> Producto creado en forma exitosa.
16> El producto fue agregado a la promocion de id 2.
17> Fecha creada en forma exitosa.
18> Producto creado en forma exitosa.
19> El producto fue agregado a la promocion de id 2.
20> Fecha creada en forma exitosa.
21> Producto creado en forma exitosa.
22> El producto fue agregado a la promocion de id 3.
23> Promocion creada con exito.
24> Productos agregados a la promocion de forma exitosa.
25> La promocion es compatible con las demas promociones de la historial.
26> Promocion liberada con exito.
27> Promocion creada con exito.
28> Productos agregados a la promocion de forma exitosa.
29> La promocion NO es compatible con las demas promociones de la historial.
30> Promocion liberada con exito.
31> Historial liberada con exito.
32> Fin.
