Bienvenido al programa principal de MercadoFinger. Por favor ingrese su comando:
1> Historial creado con exito.
2> Historial liberada con exito.
3> Fin.
