Bienvenido al programa principal de MercadoFinger. Por favor ingrese su comando:
1> Historial creado con exito.
2> Promocion creada con exito.
3> La promocion fue agregada al historial con exito.
4> Promocion creada con exito.
5> La promocion fue agregada al historial con exito.
6> Fecha creada en forma exitosa.
7> Producto creado en forma exitosa.
8> El producto fue agregado a la promocion de id 1.
9> Fecha creada en forma exitosa.
10> Producto creado en forma exitosa.
11> El producto fue agregado a la promocion de id 1.
12> Fecha creada en forma exitosa.
13> Producto creado en forma exitosa.
14> El producto fue agregado a la promocion de id 2.
15> Fecha creada en forma exitosa.
16> Producto creado en forma exitosa.
17> El producto fue agregado a la promocion de id 2.
18> Historial liberada con exito.
19> Fin.
