Bienvenido al programa principal de MercadoFinger. Por favor ingrese su comando:
1> Historial creado con exito.
2> Promocion creada con exito.
3> La promocion fue agregada al historial con exito.
4> Promocion creada con exito.
5> La promocion fue agregada al historial con exito.
6> Promocion creada con exito.
7> La promocion fue agregada al historial con exito.
8> Fecha creada en forma exitosa.
9> Producto creado en forma exitosa.
10> El producto fue agregado a la promocion de id 1.
11> Fecha creada en forma exitosa.
12> Producto creado en forma exitosa.
13> El producto fue agregado a la promocion de id 1.
14> Fecha creada en forma exitosa.
15> Producto creado en forma exitosa.
16> El producto fue agregado a la promocion de id 2.
17> Fecha creada en forma exitosa.
18> Producto creado en forma exitosa.
19> El producto fue agregado a la promocion de id 2.
20> Fecha creada en forma exitosa.
21> Producto creado en forma exitosa.
22> El producto fue agregado a la promocion de id 3.
23> Promociones finalizadas:
24> Promociones activas:
Promocion #1 del 1/12/2023 al 1/1/2024
Productos: 1 2 
25> Promociones futuras:
Promocion #2 del 2/1/2024 al 15/2/2024
Productos: 3 4 
Promocion #3 del 3/1/2024 al 15/2/2024
Productos: 5 
26> Se avanzo la fecha de la historial a 2/1/2024
27> Promociones finalizadas:
Promocion #1 del 1/12/2023 al 1/1/2024
Productos: 1 2 
28> Promociones activas:
Promocion #2 del 2/1/2024 al 15/2/2024
Productos: 3 4 
29> Promociones futuras:
Promocion #3 del 3/1/2024 al 15/2/2024
Productos: 5 
30> Historial liberada con exito.
31> Fin.
