Bienvenido al programa principal de MercadoFinger. Por favor ingrese su comando:
1> Lista de promociones creada con exito.
2> Promocion creada con exito.
3> Productos agregados a la promocion de forma exitosa.
4> Se ha agregado la promocion a la lista de forma exitosa.
5> Promocion creada con exito.
6> Productos agregados a la promocion de forma exitosa.
7> Se ha agregado la promocion a la lista de forma exitosa.
8> Promocion creada con exito.
9> Productos agregados a la promocion de forma exitosa.
10> Se ha agregado la promocion a la lista de forma exitosa.
11> Promocion #1 del 1/1/2002 al 1/7/2002
Productos: 0 1 2 3 4 5 6 7 8 
Promocion #2 del 1/2/2002 al 1/7/2002
Productos: 0 1 2 3 4 5 6 7 8 
Promocion #3 del 2/3/2002 al 1/7/2002
Productos: 0 1 2 3 4 5 6 7 8 
12> Promocion creada con exito.
13> Productos agregados a la promocion de forma exitosa.
14> La promocion es compatible con el resto de las promociones de la lista.
15> Promocion liberada con exito.
16> Promocion creada con exito.
17> Productos agregados a la promocion de forma exitosa.
18> La promocion NO es compatible con el resto de las promociones de la lista.
19> Promocion liberada con exito.
20> Promocion creada con exito.
21> Productos agregados a la promocion de forma exitosa.
22> La promocion es compatible con el resto de las promociones de la lista.
23> Promocion liberada con exito.
24> Promocion #1 del 1/1/2002 al 1/7/2002
Productos: 0 1 2 3 4 5 6 7 8 
Promocion #2 del 1/2/2002 al 1/7/2002
Productos: 0 1 2 3 4 5 6 7 8 
Promocion #3 del 2/3/2002 al 1/7/2002
Productos: 0 1 2 3 4 5 6 7 8 
Promocion #4 del 4/3/2002 al 1/7/2002
Productos: 3 4 
Promocion #5 del 5/3/2002 al 1/7/2002
Productos: 2 3 
25> Lista promociones liberada con exito.
26> Fin.
