Bienvenido al programa principal de MercadoFinger. Por favor ingrese su comando:
1> Lista de promociones creada con exito.
2> 3> Lista promociones liberada con exito.
4> Promocion creada con exito.
5> Productos agregados a la promocion de forma exitosa.
6> Lista de promociones creada con exito.
7> Se ha agregado la promocion a la lista de forma exitosa.
8> Promocion #1 del 2/1/2002 al 1/6/2002
Productos: 0 1 2 3 4 5 6 7 8 9 
9> Promocion creada con exito.
10> Productos agregados a la promocion de forma exitosa.
11> Se ha agregado la promocion a la lista de forma exitosa.
12> Promocion #2 del 1/1/2002 al 1/6/2002
Productos: 0 1 2 3 4 5 6 7 8 9 
Promocion #1 del 2/1/2002 al 1/6/2002
Productos: 0 1 2 3 4 5 6 7 8 9 
13> Lista promociones liberada con exito.
14> Fin.
