Bienvenido al programa principal de MercadoFinger. Por favor ingrese su comando:
1> Promocion creada con exito.
2> Promocion #1 del 1/1/2001 al 1/6/2001
Productos: 
3> Promocion liberada con exito.
4> Promocion creada con exito.
5> Productos agregados a la promocion de forma exitosa.
6> Promocion #1 del 1/1/2002 al 1/6/2002
Productos: 0 1 2 3 4 
7> Productos agregados a la promocion de forma exitosa.
8> Promocion #1 del 1/1/2002 al 1/6/2002
Productos: 0 1 2 3 4 5 6 7 8 9 
9> Productos agregados a la promocion de forma exitosa.
10> Promocion #1 del 1/1/2002 al 1/6/2002
Productos: 0 1 2 3 4 5 6 7 8 9 
11> Promocion liberada con exito.
12> Fin.
