Bienvenido al programa principal de MercadoFinger. Por favor ingrese su comando:
1> Promocion creada con exito.
2> Productos agregados a la promocion de forma exitosa.
3> Promocion #1 del 1/1/2002 al 1/6/2002
Productos: 0 1 2 3 4 
4> Las promociones NO son compatibles.
5> Las promociones son compatibles.
6> Promocion liberada con exito.
7> Fin.
